// Jest Snapshot v1, https://goo.gl/fbAQLP

exports[`renders correctly 1`] = `
<View
  style={
    Object {
      "flexBasis": "0%",
      "flexGrow": 1,
      "flexShrink": 1,
    }
  }
>
  <RCTScrollView
    style={
      Object {
        "backgroundColor": "#3A3F47",
        "marginBottom": 16,
        "marginLeft": 16,
        "marginRight": 16,
        "marginTop": 16,
      }
    }
  >
    <View>
      <View
        style={
          Object {
            "alignItems": "flex-start",
            "borderRadius": 8,
            "flexDirection": "row",
            "marginBottom": 16,
            "marginLeft": 8,
            "marginRight": 8,
            "marginTop": 24,
            "paddingBottom": 24,
            "paddingTop": 24,
            "textAlign": "center",
          }
        }
      >
        <View
          style={
            Object {
              "flexBasis": "0%",
              "flexGrow": 2,
              "paddingLeft": 12,
              "paddingRight": 12,
            }
          }
        >
          <View
            style={
              Object {
                "flexBasis": "0%",
                "flexDirection": "row",
                "flexGrow": 1,
                "flexShrink": 1,
                "paddingBottom": 8,
                "paddingTop": 8,
                "textAlign": "justify",
              }
            }
          >
            <Text
              style={
                Object {
                  "color": "#fff",
                  "flexBasis": "0%",
                  "flexGrow": 1,
                  "flexShrink": 1,
                  "fontWeight": "bold",
                }
              }
            >
              Name:
            </Text>
            <Text
              style={
                Object {
                  "color": "#fff",
                  "flexBasis": "0%",
                  "flexGrow": 1,
                  "flexShrink": 1,
                }
              }
            />
          </View>
          <View
            style={
              Object {
                "flexBasis": "0%",
                "flexDirection": "row",
                "flexGrow": 1,
                "flexShrink": 1,
                "paddingBottom": 8,
                "paddingTop": 8,
                "textAlign": "justify",
              }
            }
          >
            <Text
              style={
                Object {
                  "color": "#fff",
                  "flexBasis": "0%",
                  "flexGrow": 1,
                  "flexShrink": 1,
                  "fontWeight": "bold",
                }
              }
            >
              Films:
            </Text>
            <Text
              style={
                Object {
                  "color": "#fff",
                  "flexBasis": "0%",
                  "flexGrow": 1,
                  "flexShrink": 1,
                }
              }
            />
          </View>
          <View
            style={
              Object {
                "flexBasis": "0%",
                "flexDirection": "row",
                "flexGrow": 1,
                "flexShrink": 1,
                "paddingBottom": 8,
                "paddingTop": 8,
                "textAlign": "justify",
              }
            }
          >
            <Text
              style={
                Object {
                  "color": "#fff",
                  "flexBasis": "0%",
                  "flexGrow": 1,
                  "flexShrink": 1,
                  "fontWeight": "bold",
                }
              }
            >
              Short Films :
            </Text>
            <Text
              style={
                Object {
                  "color": "#fff",
                  "flexBasis": "0%",
                  "flexGrow": 1,
                  "flexShrink": 1,
                }
              }
            />
          </View>
          <View
            style={
              Object {
                "flexBasis": "0%",
                "flexDirection": "row",
                "flexGrow": 1,
                "flexShrink": 1,
                "paddingBottom": 8,
                "paddingTop": 8,
                "textAlign": "justify",
              }
            }
          >
            <Text
              style={
                Object {
                  "color": "#fff",
                  "flexBasis": "0%",
                  "flexGrow": 1,
                  "flexShrink": 1,
                  "fontWeight": "bold",
                }
              }
            >
              Video Games :
            </Text>
            <Text
              style={
                Object {
                  "color": "#fff",
                  "flexBasis": "0%",
                  "flexGrow": 1,
                  "flexShrink": 1,
                }
              }
            />
          </View>
        </View>
        <View
          style={
            Object {
              "alignItems": "flex-start",
              "flexBasis": "0%",
              "flexGrow": 1,
              "flexShrink": 1,
              "justifyContent": "flex-start",
              "paddingBottom": 16,
              "paddingTop": 16,
            }
          }
        >
          <View
            style={
              Object {
                "backgroundColor": "#eef2ff",
                "borderRadius": 9999,
              }
            }
          >
            <Image
              source={
                Object {
                  "uri": undefined,
                }
              }
              style={
                Object {
                  "borderRadius": 9999,
                  "height": 112,
                  "width": 112,
                }
              }
            />
          </View>
        </View>
      </View>
    </View>
  </RCTScrollView>
  <View
    style={
      Object {
        "paddingBottom": 16,
        "paddingLeft": 16,
        "paddingRight": 16,
        "paddingTop": 16,
        "width": 136,
      }
    }
  >
    <View
      accessibilityState={
        Object {
          "disabled": "",
        }
      }
      accessible={true}
      collapsable={false}
      focusable={true}
      onClick={[Function]}
      onResponderGrant={[Function]}
      onResponderMove={[Function]}
      onResponderRelease={[Function]}
      onResponderTerminate={[Function]}
      onResponderTerminationRequest={[Function]}
      onStartShouldSetResponder={[Function]}
      style={
        Object {
          "alignItems": "center",
          "backgroundColor": "#8B9A47",
          "borderRadius": 8,
          "display": "flex",
          "elevation": 3,
          "flexDirection": "row",
          "height": 48,
          "justifyContent": "center",
          "opacity": 1,
          "shadowColor": "#000",
          "shadowOffset": Object {
            "height": 1,
            "width": 1,
          },
          "shadowOpacity": 0.125,
          "shadowRadius": 3,
          "width": "100%",
        }
      }
    >
      <Text
        allowFontScaling={false}
        selectable={false}
        style={
          Array [
            Object {
              "color": "white",
              "fontSize": 20,
            },
            Object {
              "marginLeft": 16,
              "marginRight": 16,
            },
            Object {
              "fontFamily": "anticon",
              "fontStyle": "normal",
              "fontWeight": "normal",
            },
            Object {},
          ]
        }
      >
        î˜œ
      </Text>
      <Text
        style={
          Object {
            "color": "#fff",
            "textAlign": "center",
          }
        }
      >
        Back
      </Text>
    </View>
  </View>
</View>
`;
